******************************************************************************
                  TI ARM Linker Unix v16.9.0                   
******************************************************************************
>> Linked Thu Mar 23 14:00:00 2017

OUTPUT FILE NAME:   <GENIUS.out>
ENTRY POINT SYMBOL: "_c_int00"  address: 00000bb5


MEMORY CONFIGURATION

         name            origin    length      used     unused   attr    fill
----------------------  --------  ---------  --------  --------  ----  --------
  FLASH                 00000000   00040000  00000d90  0003f270  R  X
  SRAM                  20000000   00008000  000003c0  00007c40  RW X


SEGMENT ALLOCATION MAP

run origin  load origin   length   init length attrs members
----------  ----------- ---------- ----------- ----- -------
00000000    00000000    00000d90   00000d90    r-x
  00000000    00000000    0000026c   0000026c    r-- .intvecs
  0000026c    0000026c    00000aec   00000aec    r-x .text
  00000d58    00000d58    00000038   00000038    r-- .cinit
20000000    20000000    000003c0   00000000    rw-
  20000000    20000000    00000200   00000000    rw- .stack
  20000200    20000200    00000190   00000000    rw- .bss
  20000390    20000390    00000030   00000000    rw- .data


SECTION ALLOCATION MAP

 output                                  attributes/
section   page    origin      length       input sections
--------  ----  ----------  ----------   ----------------
.intvecs   0    00000000    0000026c     
                  00000000    0000026c     tm4c123gh6pm_startup_ccs.obj (.intvecs)

.text      0    0000026c    00000aec     
                  0000026c    00000348     genius.obj (.text)
                  000005b4    000001f0     adc.obj (.text)
                  000007a4    00000114     geniusAPI.obj (.text)
                  000008b8    0000010c     system.obj (.text)
                  000009c4    0000009c     rtsv7M4_T_le_v4SPD16_eabi.lib : memcpy_t2.obj (.text)
                  00000a60    0000007a                                   : memset_t2.obj (.text)
                  00000ada    00000002                                   : mpu_init.obj (.text)
                  00000adc    00000070                                   : autoinit.obj (.text)
                  00000b4c    00000068                                   : copy_decompress_lzss.obj (.text:decompress:lzss)
                  00000bb4    00000054                                   : boot.obj (.text)
                  00000c08    00000054                                   : exit.obj (.text)
                  00000c5c    0000004c                                   : cpy_tbl.obj (.text)
                  00000ca8    0000004c                                   : rand.obj (.text)
                  00000cf4    00000018                                   : args_main.obj (.text)
                  00000d0c    00000014                                   : _lock.obj (.text)
                  00000d20    0000000e                                   : copy_decompress_none.obj (.text:decompress:none)
                  00000d2e    0000000c                                   : copy_zero_init.obj (.text:decompress:ZI)
                  00000d3a    0000000c     main.obj (.text)
                  00000d46    0000000c     tm4c123gh6pm_startup_ccs.obj (.text)
                  00000d52    00000004     rtsv7M4_T_le_v4SPD16_eabi.lib : pre_init.obj (.text)
                  00000d56    00000002                                   : startup.obj (.text)

.cinit     0    00000d58    00000038     
                  00000d58    00000014     (.cinit..data.load) [load image, compression = lzss]
                  00000d6c    0000000c     (__TI_handler_table)
                  00000d78    00000008     (.cinit..bss.load) [load image, compression = zero_init]
                  00000d80    00000010     (__TI_cinit_table)

.init_array 
*          0    00000000    00000000     UNINITIALIZED

.bss       0    20000200    00000190     UNINITIALIZED
                  20000200    00000190     (.common:queue)

.data      0    20000390    00000030     UNINITIALIZED
                  20000390    00000014     genius.obj (.data)
                  200003a4    0000000c     rtsv7M4_T_le_v4SPD16_eabi.lib : exit.obj (.data:$O1$$)
                  200003b0    00000008                                   : _lock.obj (.data:$O1$$)
                  200003b8    00000004                                   : rand.obj (.data)
                  200003bc    00000004                                   : stkdepth_vars.obj (.data)

.stack     0    20000000    00000200     UNINITIALIZED
                  20000000    00000200     --HOLE--

MODULE SUMMARY

       Module                         code   ro data   rw data
       ------                         ----   -------   -------
    ./
       genius.obj                     840    0         420    
       tm4c123gh6pm_startup_ccs.obj   12     620       0      
       adc.obj                        496    0         0      
       geniusAPI.obj                  276    0         0      
       system.obj                     268    0         0      
       main.obj                       12     0         0      
    +--+------------------------------+------+---------+---------+
       Total:                         1904   620       420    
                                                              
    /opt/ti/ccsv7/tools/compiler/ti-cgt-arm_16.9.0.LTS/lib/rtsv7M4_T_le_v4SPD16_eabi.lib
       memcpy_t2.obj                  156    0         0      
       memset_t2.obj                  122    0         0      
       autoinit.obj                   112    0         0      
       copy_decompress_lzss.obj       104    0         0      
       exit.obj                       84     0         12     
       boot.obj                       84     0         0      
       rand.obj                       76     0         4      
       cpy_tbl.obj                    76     0         0      
       _lock.obj                      20     0         8      
       args_main.obj                  24     0         0      
       copy_decompress_none.obj       14     0         0      
       copy_zero_init.obj             12     0         0      
       pre_init.obj                   4      0         0      
       stkdepth_vars.obj              0      0         4      
       mpu_init.obj                   2      0         0      
       startup.obj                    2      0         0      
    +--+------------------------------+------+---------+---------+
       Total:                         892    0         28     
                                                              
       Stack:                         0      0         512    
       Linker Generated:              0      56        0      
    +--+------------------------------+------+---------+---------+
       Grand Total:                   2796   676       960    


LINKER GENERATED COPY TABLES

__TI_cinit_table @ 00000d80 records: 2, size/record: 8, table size: 16
	.data: load addr=00000d58, load size=00000014 bytes, run addr=20000390, run size=00000030 bytes, compression=lzss
	.bss: load addr=00000d78, load size=00000008 bytes, run addr=20000200, run size=00000190 bytes, compression=zero_init


LINKER GENERATED HANDLER TABLE

__TI_handler_table @ 00000d6c records: 3, size/record: 4, table size: 12
	index: 0, handler: __TI_decompress_lzss
	index: 1, handler: __TI_decompress_none
	index: 2, handler: __TI_zero_init


GLOBAL SYMBOLS: SORTED ALPHABETICALLY BY Name 

address   name                           
-------   ----                           
00000687  ADC0_Init                      
0000071f  ADC0_Read                      
000005b5  ADC_Init                       
0000065f  ADC_Read                       
00000c09  C$$EXIT                        
000008b9  PortB                          
000008f1  PortE                          
00000d47  ResetISR                       
UNDEFED   SHT$$INIT_ARRAY$$Base          
UNDEFED   SHT$$INIT_ARRAY$$Limit         
0000091f  SysTick_Init                   
20000200  __STACK_END                    
00000200  __STACK_SIZE                   
20000200  __STACK_TOP                    
00000d80  __TI_CINIT_Base                
00000d90  __TI_CINIT_Limit               
00000d6c  __TI_Handler_Table_Base        
00000d78  __TI_Handler_Table_Limit       
00000add  __TI_auto_init                 
200003a4  __TI_cleanup_ptr               
00000b4d  __TI_decompress_lzss           
00000d21  __TI_decompress_none           
200003a8  __TI_dtors_ptr                 
200003ac  __TI_enable_exit_profile_output
ffffffff  __TI_pprof_out_hndl            
ffffffff  __TI_prof_data_size            
ffffffff  __TI_prof_data_start           
00000000  __TI_static_base__             
00000d2f  __TI_zero_init                 
00000a61  __aeabi_memclr                 
00000a61  __aeabi_memclr4                
00000a61  __aeabi_memclr8                
000009c5  __aeabi_memcpy                 
000009c5  __aeabi_memcpy4                
000009c5  __aeabi_memcpy8                
00000a63  __aeabi_memset                 
00000a63  __aeabi_memset4                
00000a63  __aeabi_memset8                
ffffffff  __binit__                      
ffffffff  __c_args__                     
00000adb  __mpu_init                     
20000000  __stack                        
00000cf5  _args_main                     
00000bb5  _c_int00                       
200003b0  _lock                          
00000d1b  _nop                           
00000d13  _register_lock                 
00000d0d  _register_unlock               
00000d57  _system_post_cinit             
00000d53  _system_pre_init               
200003b4  _unlock                        
00000c0d  abort                          
ffffffff  binit                          
00000c5d  copy_in                        
2000039c  debug                          
0000093b  delay                          
00000805  demonstration                  
00000519  execute                        
00000c15  exit                           
00000889  feed_random                    
00000000  g_pfnVectors                   
00000363  game_init                      
20000394  iVerify                        
20000390  index                          
200003a0  led_to_blink                   
00000289  loop                           
00000d3b  main                           
200003bc  main_func_sp                   
000009c5  memcpy                         
00000a69  memset                         
20000200  queue                          
00000cbf  rand                           
00000895  randomic                       
0000026d  setup                          
00000ca9  srand                          
20000398  start_control                  
000007a5  test                           
0000039d  verify                         
000002bd  wait_to_start                  


GLOBAL SYMBOLS: SORTED BY Symbol Address 

address   name                           
-------   ----                           
00000000  __TI_static_base__             
00000000  g_pfnVectors                   
00000200  __STACK_SIZE                   
0000026d  setup                          
00000289  loop                           
000002bd  wait_to_start                  
00000363  game_init                      
0000039d  verify                         
00000519  execute                        
000005b5  ADC_Init                       
0000065f  ADC_Read                       
00000687  ADC0_Init                      
0000071f  ADC0_Read                      
000007a5  test                           
00000805  demonstration                  
00000889  feed_random                    
00000895  randomic                       
000008b9  PortB                          
000008f1  PortE                          
0000091f  SysTick_Init                   
0000093b  delay                          
000009c5  __aeabi_memcpy                 
000009c5  __aeabi_memcpy4                
000009c5  __aeabi_memcpy8                
000009c5  memcpy                         
00000a61  __aeabi_memclr                 
00000a61  __aeabi_memclr4                
00000a61  __aeabi_memclr8                
00000a63  __aeabi_memset                 
00000a63  __aeabi_memset4                
00000a63  __aeabi_memset8                
00000a69  memset                         
00000adb  __mpu_init                     
00000add  __TI_auto_init                 
00000b4d  __TI_decompress_lzss           
00000bb5  _c_int00                       
00000c09  C$$EXIT                        
00000c0d  abort                          
00000c15  exit                           
00000c5d  copy_in                        
00000ca9  srand                          
00000cbf  rand                           
00000cf5  _args_main                     
00000d0d  _register_unlock               
00000d13  _register_lock                 
00000d1b  _nop                           
00000d21  __TI_decompress_none           
00000d2f  __TI_zero_init                 
00000d3b  main                           
00000d47  ResetISR                       
00000d53  _system_pre_init               
00000d57  _system_post_cinit             
00000d6c  __TI_Handler_Table_Base        
00000d78  __TI_Handler_Table_Limit       
00000d80  __TI_CINIT_Base                
00000d90  __TI_CINIT_Limit               
20000000  __stack                        
20000200  __STACK_END                    
20000200  __STACK_TOP                    
20000200  queue                          
20000390  index                          
20000394  iVerify                        
20000398  start_control                  
2000039c  debug                          
200003a0  led_to_blink                   
200003a4  __TI_cleanup_ptr               
200003a8  __TI_dtors_ptr                 
200003ac  __TI_enable_exit_profile_output
200003b0  _lock                          
200003b4  _unlock                        
200003bc  main_func_sp                   
ffffffff  __TI_pprof_out_hndl            
ffffffff  __TI_prof_data_size            
ffffffff  __TI_prof_data_start           
ffffffff  __binit__                      
ffffffff  __c_args__                     
ffffffff  binit                          
UNDEFED   SHT$$INIT_ARRAY$$Base          
UNDEFED   SHT$$INIT_ARRAY$$Limit         

[79 symbols]
