******************************************************************************
                  TI ARM Linker Unix v16.9.0                   
******************************************************************************
>> Linked Mon Mar 27 10:47:46 2017

OUTPUT FILE NAME:   <GENIUS.out>
ENTRY POINT SYMBOL: "_c_int00"  address: 00000fed


MEMORY CONFIGURATION

         name            origin    length      used     unused   attr    fill
----------------------  --------  ---------  --------  --------  ----  --------
  FLASH                 00000000   00040000  000011c8  0003ee38  R  X
  SRAM                  20000000   00008000  00000287  00007d79  RW X


SEGMENT ALLOCATION MAP

run origin  load origin   length   init length attrs members
----------  ----------- ---------- ----------- ----- -------
00000000    00000000    000011c8   000011c8    r-x
  00000000    00000000    0000026c   0000026c    r-- .intvecs
  0000026c    0000026c    00000f24   00000f24    r-x .text
  00001190    00001190    00000038   00000038    r-- .cinit
20000000    20000000    00000288   00000000    rw-
  20000000    20000000    00000200   00000000    rw- .stack
  20000200    20000200    00000067   00000000    rw- .bss
  20000268    20000268    00000020   00000000    rw- .data


SECTION ALLOCATION MAP

 output                                  attributes/
section   page    origin      length       input sections
--------  ----  ----------  ----------   ----------------
.intvecs   0    00000000    0000026c     
                  00000000    0000026c     tm4c123gh6pm_startup_ccs.obj (.intvecs)

.text      0    0000026c    00000f24     
                  0000026c    00000630     genius.obj (.text)
                  0000089c    000001f0     adc.obj (.text)
                  00000a8c    00000184     system.obj (.text)
                  00000c10    00000114     geniusAPI.obj (.text)
                  00000d24    000000d8     pwm.obj (.text)
                  00000dfc    0000009c     rtsv7M4_T_le_v4SPD16_eabi.lib : memcpy_t2.obj (.text)
                  00000e98    0000007a                                   : memset_t2.obj (.text)
                  00000f12    00000002                                   : mpu_init.obj (.text)
                  00000f14    00000070                                   : autoinit.obj (.text)
                  00000f84    00000068                                   : copy_decompress_lzss.obj (.text:decompress:lzss)
                  00000fec    00000054                                   : boot.obj (.text)
                  00001040    00000054                                   : exit.obj (.text)
                  00001094    0000004c                                   : cpy_tbl.obj (.text)
                  000010e0    0000004c                                   : rand.obj (.text)
                  0000112c    00000018                                   : args_main.obj (.text)
                  00001144    00000014                                   : _lock.obj (.text)
                  00001158    0000000e                                   : copy_decompress_none.obj (.text:decompress:none)
                  00001166    0000000c                                   : copy_zero_init.obj (.text:decompress:ZI)
                  00001172    0000000c     main.obj (.text)
                  0000117e    0000000c     tm4c123gh6pm_startup_ccs.obj (.text)
                  0000118a    00000004     rtsv7M4_T_le_v4SPD16_eabi.lib : pre_init.obj (.text)
                  0000118e    00000002                                   : startup.obj (.text)

.cinit     0    00001190    00000038     
                  00001190    00000013     (.cinit..data.load) [load image, compression = lzss]
                  000011a3    00000001     --HOLE-- [fill = 0]
                  000011a4    0000000c     (__TI_handler_table)
                  000011b0    00000008     (.cinit..bss.load) [load image, compression = zero_init]
                  000011b8    00000010     (__TI_cinit_table)

.init_array 
*          0    00000000    00000000     UNINITIALIZED

.bss       0    20000200    00000067     UNINITIALIZED
                  20000200    00000067     (.common:game)

.data      0    20000268    00000020     UNINITIALIZED
                  20000268    0000000c     rtsv7M4_T_le_v4SPD16_eabi.lib : exit.obj (.data:$O1$$)
                  20000274    00000008                                   : _lock.obj (.data:$O1$$)
                  2000027c    00000004     genius.obj (.data)
                  20000280    00000004     rtsv7M4_T_le_v4SPD16_eabi.lib : rand.obj (.data)
                  20000284    00000004                                   : stkdepth_vars.obj (.data)

.stack     0    20000000    00000200     UNINITIALIZED
                  20000000    00000200     --HOLE--

MODULE SUMMARY

       Module                         code   ro data   rw data
       ------                         ----   -------   -------
    ./
       genius.obj                     1584   0         107    
       tm4c123gh6pm_startup_ccs.obj   12     620       0      
       adc.obj                        496    0         0      
       system.obj                     388    0         0      
       geniusAPI.obj                  276    0         0      
       pwm.obj                        216    0         0      
       main.obj                       12     0         0      
    +--+------------------------------+------+---------+---------+
       Total:                         2984   620       107    
                                                              
    /opt/ti/ccsv7/tools/compiler/ti-cgt-arm_16.9.0.LTS/lib/rtsv7M4_T_le_v4SPD16_eabi.lib
       memcpy_t2.obj                  156    0         0      
       memset_t2.obj                  122    0         0      
       autoinit.obj                   112    0         0      
       copy_decompress_lzss.obj       104    0         0      
       exit.obj                       84     0         12     
       boot.obj                       84     0         0      
       rand.obj                       76     0         4      
       cpy_tbl.obj                    76     0         0      
       _lock.obj                      20     0         8      
       args_main.obj                  24     0         0      
       copy_decompress_none.obj       14     0         0      
       copy_zero_init.obj             12     0         0      
       pre_init.obj                   4      0         0      
       stkdepth_vars.obj              0      0         4      
       mpu_init.obj                   2      0         0      
       startup.obj                    2      0         0      
    +--+------------------------------+------+---------+---------+
       Total:                         892    0         28     
                                                              
       Stack:                         0      0         512    
       Linker Generated:              0      55        0      
    +--+------------------------------+------+---------+---------+
       Grand Total:                   3876   675       647    


LINKER GENERATED COPY TABLES

__TI_cinit_table @ 000011b8 records: 2, size/record: 8, table size: 16
	.data: load addr=00001190, load size=00000013 bytes, run addr=20000268, run size=00000020 bytes, compression=lzss
	.bss: load addr=000011b0, load size=00000008 bytes, run addr=20000200, run size=00000067 bytes, compression=zero_init


LINKER GENERATED HANDLER TABLE

__TI_handler_table @ 000011a4 records: 3, size/record: 4, table size: 12
	index: 0, handler: __TI_decompress_lzss
	index: 1, handler: __TI_decompress_none
	index: 2, handler: __TI_zero_init


GLOBAL SYMBOLS: SORTED ALPHABETICALLY BY Name 

address   name                           
-------   ----                           
0000096f  ADC0_Init                      
00000a07  ADC0_Read                      
0000089d  ADC_Init                       
00000947  ADC_Read                       
00001041  C$$EXIT                        
00000d25  PWM_Init                       
00000da5  PWM_Tone                       
00000a8d  PortB                          
00000ac5  PortE                          
0000117f  ResetISR                       
UNDEFED   SHT$$INIT_ARRAY$$Base          
UNDEFED   SHT$$INIT_ARRAY$$Limit         
00000af3  SysTick_Init                   
00000737  Tones                          
000007c7  You_Lose                       
20000200  __STACK_END                    
00000200  __STACK_SIZE                   
20000200  __STACK_TOP                    
000011b8  __TI_CINIT_Base                
000011c8  __TI_CINIT_Limit               
000011a4  __TI_Handler_Table_Base        
000011b0  __TI_Handler_Table_Limit       
00000f15  __TI_auto_init                 
20000268  __TI_cleanup_ptr               
00000f85  __TI_decompress_lzss           
00001159  __TI_decompress_none           
2000026c  __TI_dtors_ptr                 
20000270  __TI_enable_exit_profile_output
ffffffff  __TI_pprof_out_hndl            
ffffffff  __TI_prof_data_size            
ffffffff  __TI_prof_data_start           
00000000  __TI_static_base__             
00001167  __TI_zero_init                 
00000e99  __aeabi_memclr                 
00000e99  __aeabi_memclr4                
00000e99  __aeabi_memclr8                
00000dfd  __aeabi_memcpy                 
00000dfd  __aeabi_memcpy4                
00000dfd  __aeabi_memcpy8                
00000e9b  __aeabi_memset                 
00000e9b  __aeabi_memset4                
00000e9b  __aeabi_memset8                
ffffffff  __binit__                      
ffffffff  __c_args__                     
00000f13  __mpu_init                     
20000000  __stack                        
0000112d  _args_main                     
00000fed  _c_int00                       
20000274  _lock                          
00001153  _nop                           
0000114b  _register_lock                 
00001145  _register_unlock               
0000118f  _system_post_cinit             
0000118b  _system_pre_init               
20000278  _unlock                        
00001045  abort                          
00000b6d  another_delay                  
ffffffff  binit                          
00001095  copy_in                        
00000b0f  delay                          
00000c71  demonstration                  
000006a1  execute                        
0000104d  exit                           
00000cf5  feed_random                    
00000000  g_pfnVectors                   
20000200  game                           
000003b9  game_init                      
0000028d  loop                           
00001173  main                           
20000284  main_func_sp                   
00000dfd  memcpy                         
00000ea1  memset                         
000010f7  rand                           
00000d01  randomic                       
0000026d  setup                          
000010e1  srand                          
00000c11  test                           
2000027c  togled                         
00000415  verify                         
000002c5  wait_to_start                  


GLOBAL SYMBOLS: SORTED BY Symbol Address 

address   name                           
-------   ----                           
00000000  __TI_static_base__             
00000000  g_pfnVectors                   
00000200  __STACK_SIZE                   
0000026d  setup                          
0000028d  loop                           
000002c5  wait_to_start                  
000003b9  game_init                      
00000415  verify                         
000006a1  execute                        
00000737  Tones                          
000007c7  You_Lose                       
0000089d  ADC_Init                       
00000947  ADC_Read                       
0000096f  ADC0_Init                      
00000a07  ADC0_Read                      
00000a8d  PortB                          
00000ac5  PortE                          
00000af3  SysTick_Init                   
00000b0f  delay                          
00000b6d  another_delay                  
00000c11  test                           
00000c71  demonstration                  
00000cf5  feed_random                    
00000d01  randomic                       
00000d25  PWM_Init                       
00000da5  PWM_Tone                       
00000dfd  __aeabi_memcpy                 
00000dfd  __aeabi_memcpy4                
00000dfd  __aeabi_memcpy8                
00000dfd  memcpy                         
00000e99  __aeabi_memclr                 
00000e99  __aeabi_memclr4                
00000e99  __aeabi_memclr8                
00000e9b  __aeabi_memset                 
00000e9b  __aeabi_memset4                
00000e9b  __aeabi_memset8                
00000ea1  memset                         
00000f13  __mpu_init                     
00000f15  __TI_auto_init                 
00000f85  __TI_decompress_lzss           
00000fed  _c_int00                       
00001041  C$$EXIT                        
00001045  abort                          
0000104d  exit                           
00001095  copy_in                        
000010e1  srand                          
000010f7  rand                           
0000112d  _args_main                     
00001145  _register_unlock               
0000114b  _register_lock                 
00001153  _nop                           
00001159  __TI_decompress_none           
00001167  __TI_zero_init                 
00001173  main                           
0000117f  ResetISR                       
0000118b  _system_pre_init               
0000118f  _system_post_cinit             
000011a4  __TI_Handler_Table_Base        
000011b0  __TI_Handler_Table_Limit       
000011b8  __TI_CINIT_Base                
000011c8  __TI_CINIT_Limit               
20000000  __stack                        
20000200  __STACK_END                    
20000200  __STACK_TOP                    
20000200  game                           
20000268  __TI_cleanup_ptr               
2000026c  __TI_dtors_ptr                 
20000270  __TI_enable_exit_profile_output
20000274  _lock                          
20000278  _unlock                        
2000027c  togled                         
20000284  main_func_sp                   
ffffffff  __TI_pprof_out_hndl            
ffffffff  __TI_prof_data_size            
ffffffff  __TI_prof_data_start           
ffffffff  __binit__                      
ffffffff  __c_args__                     
ffffffff  binit                          
UNDEFED   SHT$$INIT_ARRAY$$Base          
UNDEFED   SHT$$INIT_ARRAY$$Limit         

[80 symbols]
