******************************************************************************
                  TI ARM Linker Unix v16.9.0                   
******************************************************************************
>> Linked Thu Apr 20 21:05:17 2017

OUTPUT FILE NAME:   <GENIUS.out>
ENTRY POINT SYMBOL: "_c_int00"  address: 00000c19


MEMORY CONFIGURATION

         name            origin    length      used     unused   attr    fill
----------------------  --------  ---------  --------  --------  ----  --------
  FLASH                 00000000   00040000  00000dca  0003f236  R  X
  SRAM                  20000000   00008000  0000021c  00007de4  RW X


SEGMENT ALLOCATION MAP

run origin  load origin   length   init length attrs members
----------  ----------- ---------- ----------- ----- -------
00000000    00000000    00000dcc   00000dcc    r-x
  00000000    00000000    0000026c   0000026c    r-- .intvecs
  0000026c    0000026c    00000b3a   00000b3a    r-x .text
  00000da8    00000da8    00000024   00000024    r-- .cinit
20000000    20000000    0000021c   00000000    rw-
  20000000    20000000    00000200   00000000    rw- .stack
  20000200    20000200    0000001c   00000000    rw- .data


SECTION ALLOCATION MAP

 output                                  attributes/
section   page    origin      length       input sections
--------  ----  ----------  ----------   ----------------
.intvecs   0    00000000    0000026c     
                  00000000    0000026c     tm4c123gh6pm_startup_ccs.obj (.intvecs)

.text      0    0000026c    00000b3a     
                  0000026c    00000474     geniusAPI.obj (.text)
                  000006e0    00000184     system.obj (.text)
                  00000864    000000fc     adc.obj (.text)
                  00000960    000000e0     pwm.obj (.text)
                  00000a40    0000009c     rtsv7M4_T_le_v4SPD16_eabi.lib : memcpy_t2.obj (.text)
                  00000adc    00000070                                   : autoinit.obj (.text)
                  00000b4c    00000068                                   : copy_decompress_lzss.obj (.text:decompress:lzss)
                  00000bb4    00000064     main.obj (.text)
                  00000c18    00000054     rtsv7M4_T_le_v4SPD16_eabi.lib : boot.obj (.text)
                  00000c6c    00000054                                   : exit.obj (.text)
                  00000cc0    0000004c                                   : cpy_tbl.obj (.text)
                  00000d0c    0000004c                                   : rand.obj (.text)
                  00000d58    00000018                                   : args_main.obj (.text)
                  00000d70    00000014                                   : _lock.obj (.text)
                  00000d84    0000000e                                   : copy_decompress_none.obj (.text:decompress:none)
                  00000d92    0000000c     tm4c123gh6pm_startup_ccs.obj (.text)
                  00000d9e    00000004     rtsv7M4_T_le_v4SPD16_eabi.lib : pre_init.obj (.text)
                  00000da2    00000002                                   : mpu_init.obj (.text)
                  00000da4    00000002                                   : startup.obj (.text)

.cinit     0    00000da8    00000024     
                  00000da8    00000013     (.cinit..data.load) [load image, compression = lzss]
                  00000dbb    00000001     --HOLE-- [fill = 0]
                  00000dbc    00000008     (__TI_handler_table)
                  00000dc4    00000008     (__TI_cinit_table)

.init_array 
*          0    00000000    00000000     UNINITIALIZED

.data      0    20000200    0000001c     UNINITIALIZED
                  20000200    0000000c     rtsv7M4_T_le_v4SPD16_eabi.lib : exit.obj (.data:$O1$$)
                  2000020c    00000008                                   : _lock.obj (.data:$O1$$)
                  20000214    00000004                                   : rand.obj (.data)
                  20000218    00000004                                   : stkdepth_vars.obj (.data)

.stack     0    20000000    00000200     UNINITIALIZED
                  20000000    00000200     --HOLE--

MODULE SUMMARY

       Module                         code   ro data   rw data
       ------                         ----   -------   -------
    ./
       geniusAPI.obj                  1140   0         0      
       tm4c123gh6pm_startup_ccs.obj   12     620       0      
       system.obj                     388    0         0      
       adc.obj                        252    0         0      
       pwm.obj                        224    0         0      
       main.obj                       100    0         0      
    +--+------------------------------+------+---------+---------+
       Total:                         2116   620       0      
                                                              
    /opt/ti/ccsv7/tools/compiler/ti-cgt-arm_16.9.0.LTS/lib/rtsv7M4_T_le_v4SPD16_eabi.lib
       memcpy_t2.obj                  156    0         0      
       autoinit.obj                   112    0         0      
       copy_decompress_lzss.obj       104    0         0      
       exit.obj                       84     0         12     
       boot.obj                       84     0         0      
       rand.obj                       76     0         4      
       cpy_tbl.obj                    76     0         0      
       _lock.obj                      20     0         8      
       args_main.obj                  24     0         0      
       copy_decompress_none.obj       14     0         0      
       pre_init.obj                   4      0         0      
       stkdepth_vars.obj              0      0         4      
       mpu_init.obj                   2      0         0      
       startup.obj                    2      0         0      
    +--+------------------------------+------+---------+---------+
       Total:                         758    0         28     
                                                              
       Stack:                         0      0         512    
       Linker Generated:              0      35        0      
    +--+------------------------------+------+---------+---------+
       Grand Total:                   2874   655       540    


LINKER GENERATED COPY TABLES

__TI_cinit_table @ 00000dc4 records: 1, size/record: 8, table size: 8
	.data: load addr=00000da8, load size=00000013 bytes, run addr=20000200, run size=0000001c bytes, compression=lzss


LINKER GENERATED HANDLER TABLE

__TI_handler_table @ 00000dbc records: 2, size/record: 4, table size: 8
	index: 0, handler: __TI_decompress_lzss
	index: 1, handler: __TI_decompress_none


GLOBAL SYMBOLS: SORTED ALPHABETICALLY BY Name 

address   name                           
-------   ----                           
00000865  ADC_Init                       
000008fd  ADC_Read                       
00000c6d  C$$EXIT                        
00000961  PWM_Init                       
000009eb  PWM_Tone                       
000006e1  PortB                          
00000719  PortE                          
00000d93  ResetISR                       
UNDEFED   SHT$$INIT_ARRAY$$Base          
UNDEFED   SHT$$INIT_ARRAY$$Limit         
00000747  SysTick_Init                   
0000055d  Tones                          
000005f5  You_Lose                       
20000200  __STACK_END                    
00000200  __STACK_SIZE                   
20000200  __STACK_TOP                    
00000dc4  __TI_CINIT_Base                
00000dcc  __TI_CINIT_Limit               
00000dbc  __TI_Handler_Table_Base        
00000dc4  __TI_Handler_Table_Limit       
00000add  __TI_auto_init                 
20000200  __TI_cleanup_ptr               
00000b4d  __TI_decompress_lzss           
00000d85  __TI_decompress_none           
20000204  __TI_dtors_ptr                 
20000208  __TI_enable_exit_profile_output
ffffffff  __TI_pprof_out_hndl            
ffffffff  __TI_prof_data_size            
ffffffff  __TI_prof_data_start           
00000000  __TI_static_base__             
00000a41  __aeabi_memcpy                 
00000a41  __aeabi_memcpy4                
00000a41  __aeabi_memcpy8                
ffffffff  __binit__                      
ffffffff  __c_args__                     
00000da3  __mpu_init                     
20000000  __stack                        
00000d59  _args_main                     
00000c19  _c_int00                       
2000020c  _lock                          
00000d7f  _nop                           
00000d77  _register_lock                 
00000d71  _register_unlock               
00000da5  _system_post_cinit             
00000d9f  _system_pre_init               
20000210  _unlock                        
00000c71  abort                          
ffffffff  binit                          
00000669  congratulations                
00000cc1  copy_in                        
000007c1  delay                          
00000763  delay_SysTick                  
00000495  execute                        
00000c79  exit                           
0000026d  feed_random                    
00000000  g_pfnVectors                   
0000038b  game_init                      
00000bd5  main                           
20000218  main_func_sp                   
00000a41  memcpy                         
00000d23  rand                           
00000279  randomic                       
00000bb5  setup                          
00000d0d  srand                          
000003cb  verify                         
00000293  wait_to_start                  


GLOBAL SYMBOLS: SORTED BY Symbol Address 

address   name                           
-------   ----                           
00000000  __TI_static_base__             
00000000  g_pfnVectors                   
00000200  __STACK_SIZE                   
0000026d  feed_random                    
00000279  randomic                       
00000293  wait_to_start                  
0000038b  game_init                      
000003cb  verify                         
00000495  execute                        
0000055d  Tones                          
000005f5  You_Lose                       
00000669  congratulations                
000006e1  PortB                          
00000719  PortE                          
00000747  SysTick_Init                   
00000763  delay_SysTick                  
000007c1  delay                          
00000865  ADC_Init                       
000008fd  ADC_Read                       
00000961  PWM_Init                       
000009eb  PWM_Tone                       
00000a41  __aeabi_memcpy                 
00000a41  __aeabi_memcpy4                
00000a41  __aeabi_memcpy8                
00000a41  memcpy                         
00000add  __TI_auto_init                 
00000b4d  __TI_decompress_lzss           
00000bb5  setup                          
00000bd5  main                           
00000c19  _c_int00                       
00000c6d  C$$EXIT                        
00000c71  abort                          
00000c79  exit                           
00000cc1  copy_in                        
00000d0d  srand                          
00000d23  rand                           
00000d59  _args_main                     
00000d71  _register_unlock               
00000d77  _register_lock                 
00000d7f  _nop                           
00000d85  __TI_decompress_none           
00000d93  ResetISR                       
00000d9f  _system_pre_init               
00000da3  __mpu_init                     
00000da5  _system_post_cinit             
00000dbc  __TI_Handler_Table_Base        
00000dc4  __TI_CINIT_Base                
00000dc4  __TI_Handler_Table_Limit       
00000dcc  __TI_CINIT_Limit               
20000000  __stack                        
20000200  __STACK_END                    
20000200  __STACK_TOP                    
20000200  __TI_cleanup_ptr               
20000204  __TI_dtors_ptr                 
20000208  __TI_enable_exit_profile_output
2000020c  _lock                          
20000210  _unlock                        
20000218  main_func_sp                   
ffffffff  __TI_pprof_out_hndl            
ffffffff  __TI_prof_data_size            
ffffffff  __TI_prof_data_start           
ffffffff  __binit__                      
ffffffff  __c_args__                     
ffffffff  binit                          
UNDEFED   SHT$$INIT_ARRAY$$Base          
UNDEFED   SHT$$INIT_ARRAY$$Limit         

[66 symbols]
